================================================================================
PCAP ANALYSIS REPORT
================================================================================

Filename: 200722_win_scale_examples_anon.pcapng
Job ID: 5c8f1176-a829-426c-8d68-35564bf1daf2
Status: completed
Generated: 2025-07-17 15:33:21

--------------------------------------------------
FILE INFORMATION
--------------------------------------------------
File Size: 0.00 MB (2,976 bytes)
File Hash: 3e953bc45004eaa1e833444c52ba4d2b92240e5427d30e70773e8fc5faa610dc
Analysis Started: 2025-07-17 15:20:59.147000
Analysis Completed: 2025-07-17 15:20:59.156000
Processing Time: 0.80 seconds

--------------------------------------------------
TRAFFIC SUMMARY
--------------------------------------------------
Total Packets: 0
Unique IPs: 0
Unique Ports: 0
Duration: 0 seconds

--------------------------------------------------
END OF REPORT
--------------------------------------------------
Generated by PCAP Reporter - 2025-07-17 15:33:21
